// Jest Snapshot v1, https://goo.gl/fbAQLP

exports[`NewTaskForm should render without crashing 1`] = `
<div
  className="nr-new-task-form"
>
  <WithStyles(Grid)
    container={true}
    spacing={24}
  >
    <WithStyles(Grid)
      item={true}
      xs={5}
    >
      <WithStyles(Input)
        className="nr-new-task-form__input"
        name="name"
        onChange={[Function]}
        placeholder="Name"
        value=""
      />
    </WithStyles(Grid)>
    <WithStyles(Grid)
      item={true}
      xs={5}
    >
      <WithStyles(Input)
        className="nr-new-task-form__input"
        name="description"
        onChange={[Function]}
        placeholder="Task"
        value=""
      />
    </WithStyles(Grid)>
    <WithStyles(Grid)
      item={true}
      xs={2}
    >
      <WithStyles(Button)
        className="nr-new-task-form__button"
        onClick={[Function]}
        variant="contained"
      >
        +
      </WithStyles(Button)>
    </WithStyles(Grid)>
  </WithStyles(Grid)>
</div>
`;
