// Jest Snapshot v1, https://goo.gl/fbAQLP

exports[`App should render without crashing 1`] = `
<div
  className="nr-app"
>
  <WithStyles(AppBar)
    color="default"
    position="static"
  >
    <WithStyles(Toolbar)
      className="nr-app__title"
    >
      <WithStyles(Typography)
        variant="title"
      >
        Test 123
      </WithStyles(Typography)>
    </WithStyles(Toolbar)>
  </WithStyles(AppBar)>
  <WithStyles(Card)
    className="nr-app__add-new-task"
  >
    <WithStyles(CardContent)>
      <_class
        addNewTask={[Function]}
        newTask={NewTask {}}
      />
    </WithStyles(CardContent)>
  </WithStyles(Card)>
  <_class
    tasks={
      Array [
        Task {
          "description": "Change pillow",
          "done": true,
          "id": 1,
          "name": "Brian Adams",
          "time": 807919200000,
          Symbol(mobx did run lazy initializers): true,
          Symbol(mobx administration): ObservableObjectAdministration$$1 {
            "defaultEnhancer": [Function],
            "keysAtom": Atom$$1 {
              "diffValue": 0,
              "isBeingObserved": false,
              "isPendingUnobservation": false,
              "lastAccessedBy": 0,
              "lowestObserverState": 2,
              "name": "Task@1.keys",
              "observers": Set {},
            },
            "name": "Task@1",
            "target": [Circular],
            "values": Map {
              "done" => true,
            },
          },
        },
        Task {
          "description": "Make bed",
          "done": false,
          "id": 2,
          "name": "Bob Dylan",
          "time": 807919201000,
          Symbol(mobx did run lazy initializers): true,
          Symbol(mobx administration): ObservableObjectAdministration$$1 {
            "defaultEnhancer": [Function],
            "keysAtom": Atom$$1 {
              "diffValue": 0,
              "isBeingObserved": false,
              "isPendingUnobservation": false,
              "lastAccessedBy": 0,
              "lowestObserverState": 2,
              "name": "Task@2.keys",
              "observers": Set {},
            },
            "name": "Task@2",
            "target": [Circular],
            "values": Map {
              "done" => false,
            },
          },
        },
      ]
    }
  />
</div>
`;
