// Jest Snapshot v1, https://goo.gl/fbAQLP

exports[`TasksBoard should render without crashing 1`] = `
<div
  className="hn-tasks-board"
>
  <WithStyles(Card)
    className="hn-tasks-board__child"
    key="1"
  >
    <WithStyles(CardContent)>
      <_class
        description="Change pillow"
        done={true}
        markAsDone={[Function]}
        name="Brian Adams"
        time={1542912293567}
      />
    </WithStyles(CardContent)>
  </WithStyles(Card)>
  <WithStyles(Card)
    className="hn-tasks-board__child"
    key="2"
  >
    <WithStyles(CardContent)>
      <_class
        description="Make bed"
        done={false}
        markAsDone={[Function]}
        name="Bob Dylan"
        time={1542912294572}
      />
    </WithStyles(CardContent)>
  </WithStyles(Card)>
</div>
`;
